// Jest Snapshot v1, https://goo.gl/fbAQLP

exports[`SimpleModal renders correctly 1`] = `
<div>
  <button
    className="MuiButtonBase-root-27 MuiButton-root-1 MuiButton-text-3 MuiButton-textPrimary-4 MuiButton-flat-6 MuiButton-flatPrimary-7"
    disabled={false}
    onBlur={[Function]}
    onClick={[Function]}
    onFocus={[Function]}
    onKeyDown={[Function]}
    onKeyUp={[Function]}
    onMouseDown={[Function]}
    onMouseLeave={[Function]}
    onMouseUp={[Function]}
    onTouchEnd={[Function]}
    onTouchMove={[Function]}
    onTouchStart={[Function]}
    tabIndex="0"
    type="button"
  >
    <span
      className="MuiButton-label-2"
    >
      test
    </span>
    <span
      className="MuiTouchRipple-root-30"
    />
  </button>
</div>
`;
