// Jest Snapshot v1, https://goo.gl/fbAQLP

exports[`Link renders correctly 1`] = `
<a
  aria-current={null}
  href="/todo/1"
  onClick={[Function]}
>
  <div
    className="MuiButtonBase-root-11 MuiListItem-root-1 MuiListItem-default-4 MuiListItem-gutters-8 MuiListItem-button-9"
    onBlur={[Function]}
    onFocus={[Function]}
    onKeyDown={[Function]}
    onKeyUp={[Function]}
    onMouseDown={[Function]}
    onMouseLeave={[Function]}
    onMouseUp={[Function]}
    onTouchEnd={[Function]}
    onTouchMove={[Function]}
    onTouchStart={[Function]}
    role="button"
    tabIndex="0"
  >
    <div
      className="MuiListItemText-root-14"
    >
      <span
        className="MuiTypography-root-20 MuiTypography-subheading-27 MuiListItemText-primary-17"
      >
        some title
      </span>
    </div>
    <span
      className="MuiTouchRipple-root-45"
    />
  </div>
</a>
`;
